// Jest Snapshot v1, https://goo.gl/fbAQLP

exports[`Header test with Snapshot Testing should show header title correctly 1`] = `
<header
  className="site-header"
  style={
    Object {
      "background": "#fff",
    }
  }
>
  <nav
    className="navbar navbar-default"
  >
    <div
      className="container"
    >
      <div
        className="row"
      >
        <div
          className="col-md-6 col-md-offset-3 clearfix"
        >
          <div
            className="navbar-header pull-left"
          >
            <div
              style={
                Object {
                  "alignItems": "center",
                  "display": "flex",
                }
              }
            >
              <img
                alt="quotes app logo"
                src="/static/logo.png"
                style={
                  Object {
                    "height": "42px",
                    "margin": "0 1em 0 0",
                  }
                }
              />
              <h1
                style={
                  Object {
                    "fontSize": "25px",
                    "margin": "0",
                  }
                }
              >
                <span
                  className="hidden-xs"
                >
                  Quotes app
                </span>
                <span
                  className="hidden-sm hidden-md hidden-lg"
                >
                  QA
                </span>
              </h1>
            </div>
          </div>
          <form
            onSubmit={[Function]}
            style={
              Object {
                "float": "right",
              }
            }
          >
            <label
              htmlFor="search"
              style={
                Object {
                  "float": "right",
                  "margin": "6px 0",
                  "position": "relative",
                }
              }
            >
              <i
                className="icon-budicon-489 icon"
                onClick={[Function]}
                style={
                  Object {
                    "left": "12px",
                    "position": "absolute",
                    "top": "6px",
                  }
                }
              />
              <input
                className="form-control"
                name="search"
                onChange={[Function]}
                onFocus={[Function]}
                placeholder="Search here..."
                style={
                  Object {
                    "background": "#e9eaec",
                    "border": "none",
                    "boxShadow": "none",
                    "height": "35px",
                    "padding": "8px 19px",
                    "width": "10px",
                  }
                }
                value=""
              />
            </label>
          </form>
          <div
            style={
              Object {
                "float": "right",
                "padding": "5px",
              }
            }
          >
            <a
              className="btn btn-success"
              style={
                Object {
                  "color": "#fff",
                  "fontSize": "11px",
                  "padding": "7px 14px",
                }
              }
            >
              Login
            </a>
          </div>
        </div>
      </div>
    </div>
  </nav>
</header>
`;
