// Jest Snapshot v1, https://goo.gl/fbAQLP

exports[`Header test with Snapshot Testing should show header title correctly 1`] = `
<header
  className="site-header"
>
  <nav
    className="navbar navbar-default"
  >
    <div
      className="container"
    >
      <div
        className="navbar-header"
      >
        <div
          style={
            Object {
              "alignItems": "center",
              "display": "flex",
            }
          }
        >
          <img
            alt="quotes app logo"
            src="/static/logo.png"
            style={
              Object {
                "height": "42px",
                "margin": "0 1em 0 0",
              }
            }
          />
          <h1
            style={
              Object {
                "fontSize": "25px",
                "margin": "0",
              }
            }
          >
            Quotes app
          </h1>
        </div>
      </div>
    </div>
  </nav>
</header>
`;
